../Core/Src/usart.c:45:6:MX_USART2_UART_Init	8	static
../Core/Src/usart.c:74:6:MX_USART6_UART_Init	8	static
../Core/Src/usart.c:102:6:HAL_UART_MspInit	56	static
../Core/Src/usart.c:200:6:HAL_UART_MspDeInit	16	static
../Core/Src/usart.c:254:6:print_reset_reason	8	static
../Core/Src/usart.c:289:6:print_device_info	32	static
../Core/Src/usart.c:302:6:print_clocks	32	static
../Core/Src/usart.c:312:6:print_boot_message	8	static
../Core/Src/usart.c:381:9:UART2_Print	24	static
../Core/Src/usart.c:393:6:UART6_Print	16	static
../Core/Src/usart.c:421:6:ESP32_Print	16	static
../Core/Src/usart.c:435:6:ESP32_CommandtmpSavebuffer	16	static
../Core/Src/usart.c:465:9:UART6_RxDataParsing	24	static
../Core/Src/usart.c:490:9:UART2_RxDataParsing	24	static
../Core/Src/usart.c:504:9:UART2_Process	8	static
../Core/Src/usart.c:530:9:UART6_Process	8	static
