../Core/Src/usart.c:44:6:MX_USART2_UART_Init	8	static
../Core/Src/usart.c:73:6:MX_USART6_UART_Init	8	static
../Core/Src/usart.c:101:6:HAL_UART_MspInit	56	static
../Core/Src/usart.c:199:6:HAL_UART_MspDeInit	16	static
../Core/Src/usart.c:252:9:UART2_Print	24	static
../Core/Src/usart.c:264:6:UART6_Print	16	static
../Core/Src/usart.c:280:6:ESP32_Print	16	static
../Core/Src/usart.c:343:9:UART6_RxDataParsing	24	static
../Core/Src/usart.c:357:9:UART2_RxDataParsing	24	static
../Core/Src/usart.c:371:9:UART2_Process	8	static
../Core/Src/usart.c:397:9:UART6_Process	8	static
